[34m[06:35:35] [INFO] 
ÔòöÔòÉÔòÉÔòÉÔòÉÔòÉÔòÉÔòÉÔòÉÔòÉÔòÉÔòÉÔòÉÔòÉÔòÉÔòÉÔòÉÔòÉÔòÉÔòÉÔòÉÔòÉÔòÉÔòÉÔòÉÔòÉÔòÉÔòÉÔòÉÔòÉÔòÉÔòÉÔòÉÔòÉÔòÉÔòÉÔòÉÔòÉÔòÉÔòÉÔòÉÔòÉÔòÉÔòÉÔòÉÔòÉÔòÉÔòÉÔòÉÔòÉÔòÉÔòÉÔòÉÔòÉÔòÉÔòÉÔòÉÔòÉÔòÉÔòù[0m
[34m[06:35:35] [INFO] Ôòæ COMPREHENSIVE CHAT SYSTEM TEST SUITE                       Ôòæ[0m
[34m[06:35:35] [INFO] ÔòÜÔòÉÔòÉÔòÉÔòÉÔòÉÔòÉÔòÉÔòÉÔòÉÔòÉÔòÉÔòÉÔòÉÔòÉÔòÉÔòÉÔòÉÔòÉÔòÉÔòÉÔòÉÔòÉÔòÉÔòÉÔòÉÔòÉÔòÉÔòÉÔòÉÔòÉÔòÉÔòÉÔòÉÔòÉÔòÉÔòÉÔòÉÔòÉÔòÉÔòÉÔòÉÔòÉÔòÉÔòÉÔòÉÔòÉÔòÉÔòÉÔòÉÔòÉÔòÉÔòÉÔòÉÔòÉÔòÉÔòÉÔòÉÔòÉÔòØ[0m
[34m[06:35:35] [INFO] 
============================================================[0m
[34m[06:35:35] [TEST] USER-SIDE VERIFICATION[0m
[34m[06:35:35] [INFO] ============================================================[0m
[36m[06:35:35] [INFO] Creating conversation for user 1...[0m
[31m[06:35:35] [FAIL] Failed to create conversation for user 1: error[0m
[34m[06:35:35] [INFO] 
============================================================[0m
[34m[06:35:35] [TEST] ADMIN-SIDE VERIFICATION[0m
[34m[06:35:35] [INFO] ============================================================[0m
[36m[06:35:35] [INFO] Admin login...[0m
[31m[06:35:35] [FAIL] Admin login failed: error[0m
[34m[06:35:35] [INFO] 
============================================================[0m
[34m[06:35:35] [TEST] CONCURRENCY & STRESS TEST[0m
[34m[06:35:35] [INFO] ============================================================[0m
[36m[06:35:35] [INFO] Simulating 3 concurrent users...[0m
[31m[06:35:35] [FAIL] Failed to create all concurrent conversations[0m
[34m[06:35:35] [INFO] 
============================================================[0m
[34m[06:35:35] [TEST] SECURITY VERIFICATION[0m
[34m[06:35:35] [INFO] ============================================================[0m
[36m[06:35:35] [INFO] Testing unauthorized admin access...[0m
[31m[06:35:35] [FAIL] Expected 401, got error for unauthorized admin access[0m
[36m[06:35:35] [INFO] Testing message size limits...[0m
[36m[06:35:35] [INFO] Testing XSS protection...[0m
[34m[06:35:35] [INFO] 
============================================================[0m
[34m[06:35:35] [TEST] DATA INTEGRITY VERIFICATION[0m
[34m[06:35:35] [INFO] ============================================================[0m
[36m[06:35:35] [INFO] Testing conversation ID uniqueness...[0m
[36m[06:35:35] [INFO] Testing message timestamps...[0m
[36m[06:35:35] [INFO] Testing close conversation cleanup...[0m
[34m[06:35:35] [INFO] 
============================================================[0m
[34m[06:35:35] [TEST] PERFORMANCE TEST[0m
[34m[06:35:35] [INFO] ============================================================[0m
[36m[06:35:35] [INFO] Testing rapid message sending (10 messages)...[0m
[34m[06:35:35] [INFO] 
============================================================[0m
[34m[06:35:35] [REPORT] FINAL REPORT[0m
[34m[06:35:35] [INFO] ============================================================[0m

[32mÔ£ô PASSED: 0[0m
[31mÔ£ù FAILED: 4[0m
[33mÔÜá WARNINGS: 0[0m
    
[31m[06:35:35] [ERRORS] 
ERRORS FOUND:[0m
  1. Failed to create conversation for user 1: error
  2. Admin login failed: error
  3. Failed to create all concurrent conversations
  4. Expected 401, got error for unauthorized admin access
[34m[06:35:35] [INFO] 
============================================================[0m
[33m[06:35:35] [RESULT] Ô£ù SUCCESS RATE: 0.0%[0m
[31m[06:35:35] [RESULT] Ô£ù ISSUES FOUND - FIX BEFORE PRODUCTION[0m
[34m[06:35:35] [INFO] ============================================================[0m
